
> siparta@0.1.0 build
> prisma generate && next build

node.exe : warn The configuration property `package.json#prisma` is deprecated 
and will be removed in Prisma 7. Please migrate to a Prisma config file (e.g., 
`prisma.config.ts`).
At C:\Program Files\nodejs\npm.ps1:29 char:3
+   & $NODE_EXE $NPM_CLI_JS $args
+   ~~~~~~~~~~~~~~~~~~~~~~~~~~~~~
    + CategoryInfo          : NotSpecified: (warn The config...ma.config.ts`). 
   :String) [], RemoteException
    + FullyQualifiedErrorId : NativeCommandError
 
For more information, see: https://pris.ly/prisma-config

Environment variables loaded from .env
Prisma schema loaded from prisma\schema.prisma
Error: 
EPERM: operation not permitted, rename 'C:\Users\ACER\OneDrive\Documents\Bakwan
-Studio\Programming_Club\Website_RT_RW\siparta\node_modules\.prisma\client\quer
y_engine-windows.dll.node.tmp6976' -> 'C:\Users\ACER\OneDrive\Documents\Bakwan-
Studio\Programming_Club\Website_RT_RW\siparta\node_modules\.prisma\client\query
_engine-windows.dll.node'


